ANSIBLE INSTALLATION:(master)

ubuntu@ip-172-31-22-145:~$ sudo -i

root@ip-172-31-22-145:~# hostname master

root@ip-172-31-22-145:~# sudo -i


root@master:~# sudo apt update

root@master:~# sudo apt-add-repository --yes --update ppa:ansible/ansible

root@master:~# sudo apt install ansible -y

root@master:~# ping 172.31.19.84

root@master:~# vi /etc/hosts
root@master:~# vi /etc/ansible/hosts
root@master:~# ssh-keygen -t rsa
Generating public/private rsa key pair.
Enter file in which to save the key (/root/.ssh/id_rsa): 
Enter passphrase (empty for no passphrase): 
Enter same passphrase again: 
Your identification has been saved in /root/.ssh/id_rsa
Your public key has been saved in /root/.ssh/id_rsa.pub
The key fingerprint is:
SHA256:YFxWZWRx29sMx2xow5UOnFEeEn0fLyvaw9pxhOYmtvI root@master
The key's randomart image is:
+---[RSA 3072]----+
|        o..oB=Boo|
|     . o   o *o@o|
|      +       X.@|
|     . .     o.B=|
|        S   o .+o|
|           o...  |
|          o++..  |
|        ...=+o   |
|         oE...   |
+----[SHA256]-----+
root@master:~# cat ~/.ssh/id_rsa.pub
ssh-rsa AAAAB3NzaC1yc2EAAAADAQABAAABgQCjqDbmGSRlPqZm/lXjBw3HFBuMdSOHrNmI4Ju0S3EkMLmskeKgVAAraq7iLg5tqTwKEZ0A0VWvQMdGitEU+tl9SaC2Ba1ikv66rW6yGZ2K+/e+HVbb+H3nb6LP6cvCLYGf622lbwEtZ8xIe5M++atxJXiqb/2UKjAWIfapNEVhPJkRS/lfzbs8UnfzrK8E3i3JBlrINwOCC2fIN4qGiuVASiaHzrr1JYFwNFvPy8zLgK5S9t3UVGn/etLCGFx2kxyuoG9yAVwNPLBeN0370xsQuGu3Y5Lkp15Vti/aTthoaeChz67wTPpSsoxiZqKWGulQhWRDHVSSOO5BU2vZNJD8F/K77i6NvyAL6QVOBb3Z7x4jGWMFFxINQ6IQvsDVkS//nVbX3xUL0rFZZKcOjZisDtGve2b8w+SW4snEg1jiPWHlt+VMJpN9cd4+ekLWPXI1PQA8Cfq07SGIjZmpKiOHv/xZhVzRYz1sHJarxcaGkXjduxBIQm059Qa0b6Q1ocs= root@master
root@master:~# ansiable all -m ping
Command 'ansiable' not found, did you mean:
  command 'ansible' from deb ansible-core (2.12.0-1ubuntu0.1)
  command 'ansible' from deb ansible (2.10.7+merged+base+2.10.8+dfsg-1)
Try: apt install <deb name>
root@master:~# ansible all -m ping
The authenticity of host 'agent (172.31.19.84)' can't be established.
ED25519 key fingerprint is SHA256:b0WtDPAncDK8lcTkjR0okL/WOPReNtEjGmV6eqWwY+4.
This key is not known by any other names
Are you sure you want to continue connecting (yes/no/[fingerprint])? yes
agent | SUCCESS => {
    "ansible_facts": {
        "discovered_interpreter_python": "/usr/bin/python3"
    },
    "changed": false,
    "ping": "pong"
}
root@master:~# 